{
  "host": {
    "dependencies": [
      {
        "name": "Topo",
        "status": "ok",
        "value": "topo"
      },
      {
        "name": "SSH",
        "status": "ok",
        "value": "ssh"
      },
      {
        "name": "Curl",
        "status": "ok",
        "value": "curl"
      },
      {
        "name": "Container Engine",
        "status": "ok",
        "value": "docker"
      }
    ]
  },
  "target": {
    "isLocalhost": false,
    "connectivity": {
      "name": "Connectivity",
      "status": "ok",
      "value": ""
    },
    "dependencies": [
      {
        "name": "Container Engine",
        "status": "ok",
        "value": "docker"
      },
      {
        "name": "Hardware Info",
        "status": "ok",
        "value": "lscpu"
      }
    ],
    "subsystemDriver": {
      "name": "Subsystem Driver (remoteproc)",
      "status": "info",
      "value": "no remoteproc devices found"
    }
  }
}