{
  "host": {
    "dependencies": [
      {
        "name": "Topo",
        "status": "ok",
        "value": "topo"
      },
      {
        "name": "OpenSSH",
        "status": "ok",
        "value": "ssh"
      },
      {
        "name": "Docker CLI",
        "status": "ok",
        "value": "docker"
      },
      {
        "name": "Docker daemon",
        "status": "ok",
        "value": "reachable"
      },
      {
        "name": "Docker Compose",
        "status": "ok",
        "value": "docker compose"
      }
    ]
  },
  "target": {
    "connectivity": {
      "name": "Connectivity",
      "status": "ok",
      "value": "TARGET_DESTINATION"
    },
    "dependencies": [
      {
        "name": "Docker daemon",
        "status": "ok",
        "value": "reachable"
      },
      {
        "name": "Hardware Info",
        "status": "ok",
        "value": "lscpu"
      }
    ],
    "destination": "TARGET_DESTINATION",
    "isLocalhost": false,
    "processingDomainDriver": {
      "name": "Processing Domain Driver (remoteproc)",
      "status": "info",
      "value": "no remoteproc devices found"
    }
  }
}
